${PROMPT}${PROMPT}${PROMPT}${PROMPT}1: sleep 20.0
2: sleep 20.1
3: sleep 20.2
${PROMPT}${PROMPT}${PROMPT}${PROMPT}