${PROMPT}${PROMPT}${PROMPT}${PROMPT}1: sleep 10.0
2: sleep 10.1
3: sleep 10.2
${PROMPT}${PROMPT}1: sleep 10.0
2: sleep 10.1
${PROMPT}${PROMPT}${PROMPT}1: sleep 10.0
${PROMPT}${PROMPT}