${PROMPT}${PROMPT}1: sleep 10.0 | sleep 10.1 | sleep 10.2 &
${PROMPT}${PROMPT}